/blog/downloads/attachmentsizes.htm/$file/attachmentsizes.zip /blog/downloads/2007/Attachmentsizes.zip;
/blog/downloads/bootstrap/$file/bootstrap-fileupload.js /blog/downloads/2012/bootstrap-fileupload.js;
/blog/downloads/bootstrap/$file/bootstrap.js /blog/downloads/2012/bootstrap.js;
/blog/downloads/bootstrap/$file/bootstrap.min.css /blog/downloads/2012/bootstrap.min.css;
/blog/downloads/bootstrap/$file/bootstrap.min.js /blog/downloads/2012/bootstrap.min.js;
/blog/downloads/bootstrap/$file/distinctive.css /blog/downloads/2012/distinctive.css;
/blog/downloads/bootstrap/$file/fontawesome-webfont.eot /blog/downloads/2012/fontawesome-webfont.eot;
/blog/downloads/bootstrap/$file/fontawesome-webfont.svg /blog/downloads/2012/fontawesome-webfont.svg;
/blog/downloads/bootstrap/$file/fontawesome-webfont.ttf /blog/downloads/2012/fontawesome-webfont.ttf;
/blog/downloads/bootstrap/$file/fontawesome-webfont.woff /blog/downloads/2012/fontawesome-webfont.woff;
/blog/downloads/bootstrap/$file/jquery-1.8.2.min.js /blog/downloads/2012/jquery-1.8.2.min.js;
/blog/downloads/bootstrap/$file/jquery.fittext.js /blog/downloads/2012/jquery.fittext.js;
/blog/downloads/bootstrap/$file/main.js /blog/downloads/2012/main.js;
/blog/downloads/code.css/$file/blogcodedisplay.css /blog/downloads/2011/blogcodedisplay.css;
/blog/downloads/corehandler/$file/agentsupport.lss /blog/downloads/2011/AgentSupport.lss;
/blog/downloads/corehandler/$file/corehandlerlibrary.lss /blog/downloads/2011/CoreHandlerLibrary.lss;
/blog/downloads/dojoburn/$file/burnchart.html /blog/downloads/2010/burnchart.html;
/blog/downloads/dxl2wsdlv0.1.html/$file/dxl2wsdlv0.1.xslt /blog/downloads/2006/DXL2WSDLv0.1.xslt;
/blog/downloads/eventfullnotes.html/$file/notesclienteventexample.zip /blog/downloads/2007/NotesClientEventExample.zip;
/blog/downloads/form2ls01.html/$file/form2ls.zip /blog/downloads/2007/Form2LS.zip;
/blog/downloads/ls4ee/$file/ls4ee.html /blog/downloads/2012/LS4EE.html;
/blog/downloads/notesmetrics/$file/notesmetricstool.zip /blog/downloads/2008/NotesMetricsTool.zip;
/blog/downloads/replicateall.html/$file/replicateall.lss /blog/downloads/2006/replicateall.lss;
/blog/downloads/sametimebuddyexport/$file/buddylisttool.zip /blog/downloads/2010/BuddyListTool.zip;
/blog/downloads/shwl-7badl9/$file/getlotuspherepresentations.cmd /blog/downloads/2008/getLotuspherePresentations.cmd;
/blog/downloads/shwl-7j2v85/$file/viewtoxpage.xslt /blog/downloads/2008/ViewtoXPage.xslt;
/blog/downloads/shwl-7l9mrr/$file/inspectdesign.java /blog/downloads/2008/InspectDesign.java;
/blog/downloads/shwl-7ppah3/$file/readprotectionsample.nsf.zip /blog/downloads/2009/ReadprotectionSample.nsf.zip;
/blog/downloads/shwl-7s9cvs/$file/oneuidummy.css /blog/downloads/2009/OneUIDummy.css;
/blog/downloads/shwl-7uyh25/$file/largereaderfields.lss /blog/downloads/2009/largeReaderFields.lss;
/blog/downloads/shwl-7x3g44/$file/connectionsstyles.zip /blog/downloads/2009/ConnectionsStyles.zip;
/blog/downloads/shwl-822mqu/$file/xpagesapi_8.5.1.txt /blog/downloads/2010/XPagesAPI_8.5.1.txt;
/blog/downloads/shwl-85n9w8/$file/oneuiv2css.zip /blog/downloads/2010/OneUIV2css.zip;
/blog/downloads/shwl-8bqpjd/$file/httpreader.java /blog/downloads/2010/HTTPReader.java;
/blog/downloads/shwl-8fckdt/$file/comparedatabases.lss /blog/downloads/2011/CompareDatabases.lss;
/blog/downloads/shwl-8mrm36/$file/simplexmldoc.java /blog/downloads/2011/SimpleXMLDoc.java;
/blog/downloads/shwl-8rzkzc/$file/feedburner2curl.xslt /blog/downloads/2012/feedburner2curl.xslt;
/blog/downloads/shwl-8rzkzc/$file/xslt /blog/downloads/2012/xslt;
/blog/downloads/shwl-8rzkzc/$file/xslthelper.jar /blog/downloads/2012/XSLTHelper.jar;
/blog/downloads/shwl-8tmkwk/$file/doccontenthandler.java /blog/downloads/2012/DocContentHandler.java;
/blog/downloads/shwl-8tmkwk/$file/mime2doc.java /blog/downloads/2012/Mime2Doc.java;
/blog/downloads/shwl-8tmkwk/$file/mimepartinfo.java /blog/downloads/2012/MimePartInfo.java;
/blog/downloads/shwl-8tmkwk/$file/tester.java /blog/downloads/2012/Tester.java;
/blog/downloads/shwl-8tqq2g/$file/defaultfo.xslt /blog/downloads/2012/DefaultFo.xslt;
/blog/downloads/shwl-8tqq2g/$file/field2xmldefinition.java /blog/downloads/2012/Field2XMLDefinition.java;
/blog/downloads/shwl-8tqq2g/$file/form2xmldefinition.java /blog/downloads/2012/Form2XMLDefinition.java;
/blog/downloads/shwl-8tqq2g/$file/notes2xml.java /blog/downloads/2012/Notes2XML.java;
/blog/downloads/shwl-8tqq2g/$file/notes2xmlimpl.java /blog/downloads/2012/Notes2XMLImpl.java;
/blog/downloads/shwl-8tqq2g/$file/pdfreport.java /blog/downloads/2012/PDFReport.java;
/blog/downloads/shwl-8tqq2g/$file/simplexmldoc.java /blog/downloads/2012/SimpleXMLDoc.java;
/blog/downloads/shwl-8vwjgs/$file/pubnames.ntf.dxl-.demodirectory.nsf.dxl.xml-comparisonreportdetail.xslt.html /blog/downloads/2012/pubnames.ntf.dxl-.DemoDirectory.nsf.dxl.xml-ComparisonReportDetail.xslt.html;
/blog/downloads/shwl-8vwjgs/$file/pubnames.ntf.dxl-.demodirectory.nsf.dxl.xml-comparisonreportshort.xslt.html /blog/downloads/2012/pubnames.ntf.dxl-.DemoDirectory.nsf.dxl.xml-ComparisonReportShort.xslt.html;
/blog/downloads/shwl-8xv67h/$file/wisselblog.crx /blog/downloads/2012/wisselblog.crx;
/blog/downloads/shwl-9fcnyb/$file/gmail2notes_src_20140115.zip /blog/downloads/2014/gmail2notes_src_20140115.zip;
/blog/downloads/shwl-9gp4qg/$file/cocomo.jar /blog/downloads/2014/cocomo.jar;
/blog/downloads/shwl-9pf56l/$file/demo.zip /blog/downloads/2014/demo.zip;
/blog/downloads/shwl-9ybp5m/$file/objectcleaner.zip /blog/downloads/2015/objectcleaner.zip;
/blog/downloads/shwl72qner.htm/$file/springclean.xslt /blog/downloads/2007/SpringClean.xslt;
/blog/downloads/shwl73e3kd.htm/$file/vistacost.zip /blog/downloads/2007/VistaCost.zip;
/blog/downloads/shwl75tprc.htm/$file/zendomino.zip /blog/downloads/2007/ZENDomino.zip;
/blog/images/dlyh-5nltcj/$file/logon.png /blog/images/2003/logon.png;
/blog/images/shwl-5pehvb/$file/wisselnet.jpg /blog/images/2003/wisselnet.jpg;
/blog/images/shwl-5pek5d/$file/tigertame.gif /blog/images/2003/TigerTame.gif;
/blog/images/shwl-5pek7s/$file/ernestpc.jpg /blog/images/2003/ErnestPC.jpg;
/blog/images/shwl-5pek9z/$file/gongxifacai.gif /blog/images/2003/GongXiFaCai.gif;
/blog/images/shwl-5pekdd/$file/mondaymorning.jpg /blog/images/2003/MondayMorning.jpg;
/blog/images/shwl-5pemkw/$file/stephandiet.jpg /blog/images/2003/StephanDiet.jpg;
/blog/images/shwl-5tlgm7/$file/stepahnandthecat.jpg /blog/images/2003/StepahnAndTheCat.jpg;
/blog/images/shwl-5uk5p5/$file/xmas2003wissel640.jpg /blog/images/2003/XMas2003Wissel640.jpg;
/blog/images/shwl-5uvbp8/$file/sembawangpark.jpg /blog/images/2004/Sembawangpark.jpg;
/blog/images/shwl-5uvc78/$file/botanicalgarden.jpg /blog/images/2004/BotanicalGarden.jpg;
/blog/images/shwl-5v2nvg/$file/demotivators_1766_6794955.gif /blog/images/2004/demotivators_1766_6794955.gif;
/blog/images/shwl-5v74fl/$file/leaveshot.gif /blog/images/2004/LeaveShot.gif;
/blog/images/shwl-5vh6fd/$file/grandgrandma.jpg /blog/images/2004/GrandGrandMa.jpg;
/blog/images/shwl-5vzbpm/$file/winterfuessen2004.jpg /blog/images/2004/WinterFuessen2004.jpg;
/blog/images/shwl-5zr9tl/$file/happyfamily.jpg /blog/images/2004/HappyFamily.jpg;
/blog/images/shwl-655mzy/$file/warriorofthelight.jpg /blog/images/2004/WarriorOfTheLight.jpg;
/blog/images/shwl-66blf3/$file/stallman.jpg /blog/images/2004/stallman.jpg;
/blog/images/shwl-66cdx3/$file/flagrib2.jpg /blog/images/2004/flagrib2.jpg;
/blog/images/shwl-66cmae/$file/mariawissel.jpg /blog/images/2004/MariaWissel.jpg;
/blog/images/shwl-66tamh/$file/weblog-cn.gif /blog/images/2004/weblog-cn.gif;
/blog/images/shwl-66z4b3/$file/steveballmer.jpg /blog/images/2004/SteveBallmer.jpg;
/blog/images/shwl-6ajnyr/$file/kfc_iran.jpg /blog/images/2005/KFC_Iran.jpg;
/blog/images/shwl-6ajpln/$file/umsysexplained.jpg /blog/images/2005/UMsysExplained.jpg;
/blog/images/shwl-6avnvz/$file/sandcastle200503.jpg /blog/images/2005/Sandcastle200503.jpg;
/blog/images/shwl-6bebvn/$file/mdf_sg2004.jpg /blog/images/2005/MDF_SG2004.jpg;
/blog/images/shwl-6bg8pj/$file/sevenchakras.jpg /blog/images/2005/SevenChakras.jpg;
/blog/images/shwl-6bj99t/$file/beyblade.gif /blog/images/2005/BeyBlade.gif;
/blog/images/shwl-6c6ge4/$file/aandesmiling.jpg /blog/images/2005/AandESmiling.jpg;
/blog/images/shwl-6c6ggf/$file/stw20050507.jpg /blog/images/2005/stw20050507.jpg;
/blog/images/shwl-6cel6u/$file/hanoidriver.jpg /blog/images/2005/HanoiDriver.jpg;
/blog/images/shwl-6cgmax/$file/hanoispeaking.jpg /blog/images/2005/HanoiSpeaking.jpg;
/blog/images/shwl-6d3lwk/$file/ernstwissel.jpg /blog/images/2005/ErnstWissel.jpg;
/blog/images/shwl-6fn8nw/$file/fightfud.png /blog/images/2005/fightfud.png;
/blog/images/shwl-6gel3t/$file/bodhitree.jpg /blog/images/2005/BodhiTree.jpg;
/blog/images/shwl-6kdmwk/$file/happyxmas.gif /blog/images/2005/HappyXMas.gif;
/blog/images/shwl-6m2asz/$file/isopensourceforyou.pdf /blog/images/2006/IsOpenSourceforYou.pdf;
/blog/images/shwl-6pe23k/$file/websphereadvertisement.gif /blog/images/2006/WebsphereAdvertisement.gif;
/blog/images/shwl-73mm94/$file/hero_techbriefings.jpg /blog/images/2007/hero_techbriefings.jpg;
/blog/images/shwl-74k5lk/$file/notes8flowersplash.png /blog/images/2007/Notes8FlowerSplash.png;
/blog/images/shwl-74qmhq/$file/advanceddominodevelopment.gif /blog/images/2007/AdvancedDominoDevelopment.gif;
/blog/images/shwl-75j65m/$file/sntt.jpg /blog/images/2007/SnTT.jpg;
/blog/images/shwl-78nlfg/$file/projectworstpractices.png /blog/images/2007/Projectworstpractices.png;
/blog/images/shwl-78nlgx/$file/pwp.gif /blog/images/2007/PWP.gif;
/blog/images/shwl-79rmmy/$file/pledgeform.jpg /blog/images/2006/pledgeform.jpg;
/blog/images/shwl-7cew2b/$file/lctyhk2008.jpg /blog/images/2008/LCTYHK2008.jpg;
/blog/images/shwl-7e6f6y/$file/developmentskills.png /blog/images/2008/DevelopmentSkills.png;
/blog/images/shwl-7epmsh/$file/knowledgeframework.png /blog/images/2008/KnowledgeFramework.png;
/blog/images/shwl-7fhkf8/$file/funambol.png /blog/images/2008/funambol.png;
/blog/images/shwl-7g2k66/$file/430kmh.gif /blog/images/2008/430kmh.gif;
/blog/images/shwl-7g2kng/$file/shanghaigirl.jpg /blog/images/2008/ShanghaiGirl.JPG;
/blog/images/shwl-7gvbhp/$file/like-lust-love.png /blog/images/2008/Like-Lust-Love.png;
/blog/images/shwl-7gz8xx/$file/tiagasemsn.png /blog/images/2008/TiagaseMSN.png;
/blog/images/shwl-7h47r5/$file/notessensei_laptop.jpg /blog/images/2008/notessensei_laptop.jpg;
/blog/images/shwl-7h9p74/$file/yellowdayteasersmall.png /blog/images/2008/YellowDayTeaserSmall.png;
/blog/images/shwl-7j4fsu/$file/xpagesoverview640.png /blog/images/2008/xPagesOverview640.png;
/blog/images/shwl-7kegu7/$file/5starnsf.png /blog/images/2008/5starnsf.png;
/blog/images/shwl-7kfpgv/$file/relationalaccesscontrol400.png /blog/images/2008/RelationalAccessControl400.png;
/blog/images/shwl-7kmd3w/$file/r85withr657.png /blog/images/2008/R85withR657.png;
/blog/images/shwl-7kmm3s/$file/webfrontendserver.png /blog/images/2008/WebFrontEndServer.png;
/blog/images/shwl-7kzp4e/$file/dominobuntu.png /blog/images/2008/dominobuntu.png;
/blog/images/shwl-7kzq67/$file/domino85feature.jpg /blog/images/2008/domino85feature.jpg;
/blog/images/shwl-7l9e28/$file/burnchart.gif /blog/images/2008/burnchart.gif;
/blog/images/shwl-7m5hz9/$file/nsfsoftwareestimates.png /blog/images/2008/NSFSoftwareEstimates.png;
/blog/images/shwl-7n848p/$file/ad215teaser.png /blog/images/2009/AD215Teaser.png;
/blog/images/shwl-7n9df2/$file/ls09teaser2.png /blog/images/2009/ls09Teaser2.png;
/blog/images/shwl-7nr4f2/$file/socialmediaphases.jpg /blog/images/2009/SocialMediaPhases.jpg;
/blog/images/shwl-7nxjfh/$file/dogmind.png /blog/images/2009/DogMind.png;
/blog/images/shwl-7pndhy/$file/readerprotectionscattered.png /blog/images/2009/ReaderProtectionScattered.png;
/blog/images/shwl-7pndj9/$file/readerprotectioncategorized.png /blog/images/2009/ReaderProtectionCategorized.png;
/blog/images/shwl-7pneuf/$file/approvalcentral.png /blog/images/2009/ApprovalCentral.png;
/blog/images/shwl-7qg899/$file/xpagesvalidation.png /blog/images/2009/XPagesValidation.png;
/blog/images/shwl-7qgb92/$file/extensibleclassarchitecture.png /blog/images/2009/ExtensibleClassArchitecture.png;
/blog/images/shwl-7qpev9/$file/ibmbuysbalicamp.png /blog/images/2009/IBMBuysBaliCamp.png;
/blog/images/shwl-7qyec3/$file/servercomplexity.png /blog/images/2009/ServerComplexity.png;
/blog/images/shwl-7qyejk/$file/dominosimplicity.png /blog/images/2009/DominoSimplicity.png;
/blog/images/shwl-7r8k9s/$file/stw2008-04.png /blog/images/2009/stw2008-04.png;
/blog/images/shwl-7rb3ya/$file/highperformancedomino640.gif /blog/images/2009/HighPerformanceDomino640.gif;
/blog/images/shwl-7rb3ya/$file/highperformancedomino853.jpg /blog/images/2009/HighPerformanceDomino853.jpg;
/blog/images/shwl-7rbkhe/$file/novirtualization640.gif /blog/images/2009/noVirtualization640.gif;
/blog/images/shwl-7rbkhk/$file/x86-virtualization640.gif /blog/images/2009/x86-Virtualization640.gif;
/blog/images/shwl-7rbkhp/$file/unixvirtualization640.gif /blog/images/2009/unixVirtualization640.gif;
/blog/images/shwl-7rbkhs/$file/zseriesvirtualization640.gif /blog/images/2009/zSeriesVirtualization640.gif;
/blog/images/shwl-7rbkyx/$file/cloud.gif /blog/images/2009/Cloud.gif;
/blog/images/shwl-7rp9rh/$file/inversionofloggingflowchart.gif /blog/images/2009/InversionOfLoggingFlowChart.gif;
/blog/images/shwl-7rrbyc/$file/whenisitnow.gif /blog/images/2009/whenisitnow.gif;
/blog/images/shwl-7s784h/$file/notesbench.gif /blog/images/2009/notesbench.gif;
/blog/images/shwl-7s85xx/$file/coffebar.jpg /blog/images/2009/Coffebar.JPG;
/blog/images/shwl-7s85y6/$file/xpagestaipei.jpg /blog/images/2009/XPagesTaipei.JPG;
/blog/images/shwl-7s9ayk/$file/dde850cn.jpg /blog/images/2009/DDE850cn.jpg;
/blog/images/shwl-7s9dma/$file/oneuicss.gif /blog/images/2009/oneUICSS.gif;
/blog/images/shwl-7sd5ft/$file/smp640.jpg /blog/images/2009/smp640.jpg;
/blog/images/shwl-7spggq/$file/sizevsfrequency.png /blog/images/2009/SizeVsFrequency.png;
/blog/images/shwl-7sqkwv/$file/xian.jpg /blog/images/2009/XIAN.JPG;
/blog/images/shwl-7sqkx2/$file/xian2.jpg /blog/images/2009/XIAN2.JPG;
/blog/images/shwl-7sslzw/$file/sprcoffee01.jpg /blog/images/2009/SPRCoffee01.JPG;
/blog/images/shwl-7ssm24/$file/sprcoffee02.jpg /blog/images/2009/SPRCoffee02.JPG;
/blog/images/shwl-7t5d3c/$file/gotatorchlight.jpg /blog/images/2009/GotATorchLight.jpg;
/blog/images/shwl-7t5d3g/$file/choifong2009.jpg /blog/images/2009/ChoiFong2009.jpg;
/blog/images/shwl-7t5dnl/$file/chinesedwarft.jpg /blog/images/2009/chinesedwarft.jpg;
/blog/images/shwl-7t5jrz/$file/hubspokereplication.gif /blog/images/2009/HubSpokeReplication.gif;
/blog/images/shwl-7t5jrz/$file/hubspokerouting.gif /blog/images/2009/HubSpokeRouting.gif;
/blog/images/shwl-7t5jrz/$file/notesnamednetworkrouting.gif /blog/images/2009/NotesNamedNetworkRouting.gif;
/blog/images/shwl-7t5jrz/$file/spokehubreplication.gif /blog/images/2009/SpokeHubReplication.gif;
/blog/images/shwl-7t7c8u/$file/genting01.jpg /blog/images/2009/genting01.jpg;
/blog/images/shwl-7t7c8u/$file/genting02.jpg /blog/images/2009/genting02.jpg;
/blog/images/shwl-7t7c8u/$file/genting03.jpg /blog/images/2009/genting03.jpg;
/blog/images/shwl-7t7c8u/$file/genting04.jpg /blog/images/2009/genting04.jpg;
/blog/images/shwl-7t98ap/$file/wrongdirection.jpg /blog/images/2009/wrongdirection.jpg;
/blog/images/shwl-7t9df9/$file/happyatwork.gif /blog/images/2009/HappyAtWork.gif;
/blog/images/shwl-7t9df9/$file/happyatwork_cn.gif /blog/images/2009/HappyAtWork_CN.gif;
/blog/images/shwl-7trmku/$file/serverupgradephase1.gif /blog/images/2009/ServerUpgradePhase1.gif;
/blog/images/shwl-7trmku/$file/serverupgradephase2.gif /blog/images/2009/ServerUpgradePhase2.gif;
/blog/images/shwl-7trmku/$file/serverupgradephase3.gif /blog/images/2009/ServerUpgradePhase3.gif;
/blog/images/shwl-7trmku/$file/serverupgradephase4.gif /blog/images/2009/ServerUpgradePhase4.gif;
/blog/images/shwl-7tsh5l/$file/dojoproperties.png /blog/images/2009/DojoProperties.png;
/blog/images/shwl-7tsm29/$file/fieldsetcustomcontrol.png /blog/images/2009/fieldsetCustomControl.png;
/blog/images/shwl-7tvm9r/$file/pkisetup.gif /blog/images/2009/PKISetup.gif;
/blog/images/shwl-7tvm9r/$file/pkiuseencrypt.gif /blog/images/2009/PKIUseEncrypt.gif;
/blog/images/shwl-7tvm9r/$file/pkiusesign.gif /blog/images/2009/PKIUseSign.gif;
/blog/images/shwl-7u2e8t/$file/dxlmagicui.gif /blog/images/2009/dxlMagicUI.gif;
/blog/images/shwl-7u4uxa/$file/ods43.gif /blog/images/2009/ODS43.gif;
/blog/images/shwl-7u4uxa/$file/ods51.gif /blog/images/2009/ODS51.gif;
/blog/images/shwl-7udmr6/$file/categorizedviews1.png /blog/images/2009/CategorizedViews1.png;
/blog/images/shwl-7udmr6/$file/categorizedviews2.png /blog/images/2009/CategorizedViews2.png;
/blog/images/shwl-7udmr6/$file/categorizedviews3.png /blog/images/2009/CategorizedViews3.png;
/blog/images/shwl-7udmr6/$file/categorizedviews4.png /blog/images/2009/CategorizedViews4.png;
/blog/images/shwl-7udmr6/$file/categorizedviews5.png /blog/images/2009/CategorizedViews5.png;
/blog/images/shwl-7udmr6/$file/categorizedviews6.png /blog/images/2009/CategorizedViews6.png;
/blog/images/shwl-7udmr6/$file/categorizedviews7.png /blog/images/2009/CategorizedViews7.png;
/blog/images/shwl-7upehz/$file/lotusau2009.jpg /blog/images/2009/lotusau2009.jpg;
/blog/images/shwl-7utmhq/$file/testbaseline.jpg /blog/images/2009/Testbaseline.jpg;
/blog/images/shwl-7uvk5h/$file/distributedlocking.jpg /blog/images/2009/DistributedLocking.jpg;
/blog/images/shwl-7v8g4f/$file/netgearsupport.png /blog/images/2009/NetgearSupport.png;
/blog/images/shwl-7vrp4g/$file/viewnavigation.png /blog/images/2009/ViewNavigation.png;
/blog/images/shwl-7w796l/$file/notesmimemail1.png /blog/images/2009/NotesMimemail1.png;
/blog/images/shwl-7w796l/$file/notesmimemail2.png /blog/images/2009/NotesMimemail2.png;
/blog/images/shwl-7wd5dy/$file/newstudyworkdesk.jpg /blog/images/2009/NewStudyWorkdesk.jpg;
/blog/images/shwl-7wd5sd/$file/edge.gif /blog/images/2009/edge.gif;
/blog/images/shwl-7wd5sd/$file/multiplex.jpg /blog/images/2009/multiplex.jpg;
/blog/images/shwl-7wd5sd/$file/rubberwood.jpg /blog/images/2009/rubberwood.jpg;
/blog/images/shwl-7wdav6/$file/step_001.png /blog/images/2009/step_001.png;
/blog/images/shwl-7wdav6/$file/step_002.png /blog/images/2009/step_002.png;
/blog/images/shwl-7wdav6/$file/step_003.png /blog/images/2009/step_003.png;
/blog/images/shwl-7wdav6/$file/step_004.png /blog/images/2009/step_004.png;
/blog/images/shwl-7wdav6/$file/step_005.png /blog/images/2009/step_005.png;
/blog/images/shwl-7wdav6/$file/step_006.png /blog/images/2009/step_006.png;
/blog/images/shwl-7wdav6/$file/step_007.png /blog/images/2009/step_007.png;
/blog/images/shwl-7wdav6/$file/step_008.png /blog/images/2009/step_008.png;
/blog/images/shwl-7wdav6/$file/step_009.png /blog/images/2009/step_009.png;
/blog/images/shwl-7whajy/$file/universalinbox.gif /blog/images/2009/UniversalInbox.gif;
/blog/images/shwl-7yuaa5/$file/snowride.jpg /blog/images/2009/SnowRide.JPG;
/blog/images/shwl-7ywllf/$file/familyinsnow.jpg /blog/images/2009/familyInSnow.jpg;
/blog/images/shwl-7zg5fb/$file/formanddocument1.gif /blog/images/2010/FormAndDocument1.gif;
/blog/images/shwl-7zg5fb/$file/formanddocument2.gif /blog/images/2010/FormAndDocument2.gif;
/blog/images/shwl-7zg5fb/$file/formanddocument3.gif /blog/images/2010/FormAndDocument3.gif;
/blog/images/shwl-7zg5fb/$file/formanddocument4.gif /blog/images/2010/FormAndDocument4.gif;
/blog/images/shwl-7zg5fb/$file/formanddocument5.gif /blog/images/2010/FormAndDocument5.gif;
/blog/images/shwl-7zhm69/$file/2010-motoguzzi-griso12008vseb-small.jpg /blog/images/2010/2010-MotoGuzzi-Griso12008VSEb-small.jpg;
/blog/images/shwl-7zm59z/$file/rubbergun.jpg /blog/images/2010/rubbergun.jpg;
/blog/images/shwl-7zyull/$file/nsf16mdocs.gif /blog/images/2010/nsf16Mdocs.gif;
/blog/images/shwl-82qgzk/$file/expeditor.jpg /blog/images/2010/Expeditor.jpg;
/blog/images/shwl-82qgzk/$file/screensizes.jpg /blog/images/2010/ScreenSizes.jpg;
/blog/images/shwl-833j2h/$file/addressdialogsteroids.png /blog/images/2010/AddressDialogSteroids.png;
/blog/images/shwl-833j2h/$file/defaultaddress.gif /blog/images/2010/DefaultAddress.gif;
/blog/images/shwl-83jc7r/$file/ae10birthday.jpg /blog/images/2010/AE10Birthday.JPG;
/blog/images/shwl-83smqf/$file/exchange%20deployment2.jpg /blog/images/2010/Exchange%20Deployment2.jpg;
/blog/images/shwl-83sn4w/$file/dominocluster.jpg /blog/images/2010/DominoCluster.jpg;
/blog/images/shwl-83u6ug/$file/internationalemail.png /blog/images/2010/InternationaleMail.png;
/blog/images/shwl-83z99l/$file/teamperformance.gif /blog/images/2010/TeamPerformance.gif;
/blog/images/shwl-84238f/$file/ods43.png /blog/images/2010/ODS43.png;
/blog/images/shwl-84238f/$file/ods51.png /blog/images/2010/ODS51.png;
/blog/images/shwl-84a839/$file/verybusy.png /blog/images/2010/VeryBusy.png;
/blog/images/shwl-84fjl5/$file/attentioncentral1.png /blog/images/2010/AttentionCentral1.png;
/blog/images/shwl-84fjl5/$file/attentioncentral2.png /blog/images/2010/AttentionCentral2.png;
/blog/images/shwl-84fjl5/$file/attentioncentral3.png /blog/images/2010/AttentionCentral3.png;
/blog/images/shwl-84fkw3/$file/codewarrior.jpg /blog/images/2010/CodeWarrior.jpg;
/blog/images/shwl-84hpb2/$file/hotelnetwork.png /blog/images/2010/HotelNetwork.png;
/blog/images/shwl-84jnw9/$file/formformula.png /blog/images/2010/formformula.png;
/blog/images/shwl-84jnw9/$file/rowvariable.png /blog/images/2010/rowVariable.png;
/blog/images/shwl-84jnw9/$file/usexpageinstead.png /blog/images/2010/usexpageinstead.png;
/blog/images/shwl-84kfrf/$file/pidgin01.png /blog/images/2010/pidgin01.png;
/blog/images/shwl-84kfrf/$file/pidgin02.png /blog/images/2010/pidgin02.png;
/blog/images/shwl-84kfrf/$file/pidgin03.png /blog/images/2010/pidgin03.png;
/blog/images/shwl-84njuf/$file/rcpmonitor.png /blog/images/2010/RCPMonitor.png;
/blog/images/shwl-84qlrs/$file/javaperformance.png /blog/images/2010/JavaPerformance.png;
/blog/images/shwl-858k9h/$file/ubuntu104.png /blog/images/2010/Ubuntu104.png;
/blog/images/shwl-85sbas/$file/calprivate.png /blog/images/2010/CalPrivate.png;
/blog/images/shwl-85sbas/$file/calsync.png /blog/images/2010/CalSync.png;
/blog/images/shwl-85sbas/$file/contactconfidential.png /blog/images/2010/ContactConfidential.png;
/blog/images/shwl-85sbas/$file/contactconfidentialform.png /blog/images/2010/ContactConfidentialForm.png;
/blog/images/shwl-85sbas/$file/hidefrom.png /blog/images/2010/HideFrom.png;
/blog/images/shwl-85sbas/$file/publicaccess.png /blog/images/2010/PublicAccess.png;
/blog/images/shwl-865ath/$file/expo01.jpg /blog/images/2010/Expo01.jpg;
/blog/images/shwl-865ath/$file/expo02.jpg /blog/images/2010/Expo02.jpg;
/blog/images/shwl-865ath/$file/expo03.jpg /blog/images/2010/Expo03.jpg;
/blog/images/shwl-865ath/$file/expo04.jpg /blog/images/2010/Expo04.jpg;
/blog/images/shwl-865ath/$file/expo05.jpg /blog/images/2010/Expo05.jpg;
/blog/images/shwl-865ath/$file/expo06.jpg /blog/images/2010/Expo06.jpg;
/blog/images/shwl-86rl3c/$file/us-2010-06-25-1510gmt.png /blog/images/2010/US-2010-06-25-1510GMT.png;
/blog/images/shwl-86rlep/$file/xpages100.jpg /blog/images/2010/xpages100.jpg;
/blog/images/shwl-877d29/$file/xpagesskills.jpg /blog/images/2010/XPagesSkills.jpg;
/blog/images/shwl-87b68a/$file/multicheckradio.png /blog/images/2010/multiCheckRadio.png;
/blog/images/shwl-87feqb/$file/lynx1.png /blog/images/2010/Lynx1.png;
/blog/images/shwl-87feqb/$file/lynx2.png /blog/images/2010/Lynx2.png;
/blog/images/shwl-87feqb/$file/oneuibasicgreen.png /blog/images/2010/OneUIBasicGreen.png;
/blog/images/shwl-88cd87/$file/water.jpg /blog/images/2010/Water.jpg;
/blog/images/shwl-88cd87/$file/water640.gif /blog/images/2010/Water640.gif;
/blog/images/shwl-88m4s4/$file/medicalwarning.jpg /blog/images/2010/MedicalWarning.jpg;
/blog/images/shwl-89n7lc/$file/vpostnotsosecure.gif /blog/images/2010/vPostNotsoSecure.gif;
/blog/images/shwl-89n9s8/$file/dominoaccesscontrol.gif /blog/images/2010/DominoAccessControl.gif;
/blog/images/shwl-89n9s8/$file/dominoacltable.gif /blog/images/2010/DOminoACLTable.gif;
/blog/images/shwl-89n9s8/$file/dominopublicaccess.gif /blog/images/2010/DominoPublicAccess.gif;
/blog/images/shwl-89p3wy/$file/lotusgreenhouse.png /blog/images/2010/LotusGreenhouse.png;
/blog/images/shwl-89p3wy/$file/oneuiv2.png /blog/images/2010/OneUIv2.png;
/blog/images/shwl-89p3wy/$file/oneuiv3.png /blog/images/2010/OneUIv3.png;
/blog/images/shwl-89qav2/$file/documentaccesstable.gif /blog/images/2010/DocumentAccessTable.gif;
/blog/images/shwl-89qav2/$file/documentproperties.png /blog/images/2010/DocumentProperties.png;
/blog/images/shwl-89qav2/$file/documentwriteaccesstable.gif /blog/images/2010/DocumentWriteAccessTable.gif;
/blog/images/shwl-89qav2/$file/usergrouprole.gif /blog/images/2010/UserGroupRole.gif;
/blog/images/shwl-8a2akj/$file/lsvsxpages.gif /blog/images/2010/LSvsXPages.gif;
/blog/images/shwl-8a8kvk/$file/teachingsgstyle.jpg /blog/images/2010/TeachingSGStyle.jpg;
/blog/images/shwl-8a94d5/$file/calautoprocess.png /blog/images/2010/CalAutoProcess.png;
/blog/images/shwl-8a94d5/$file/mailaccess.png /blog/images/2010/MailAccess.png;
/blog/images/shwl-8a94d5/$file/mailfileowner.png /blog/images/2010/MailfileOwner.png;
/blog/images/shwl-8a94d5/$file/mailinacl.png /blog/images/2010/MailinACL.png;
/blog/images/shwl-8a94d5/$file/mailindocument.png /blog/images/2010/MailInDocument.png;
/blog/images/shwl-8a94d5/$file/mailinoutline.png /blog/images/2010/MailInOutline.png;
/blog/images/shwl-8apclx/$file/sametime8userguide.jpg /blog/images/2010/Sametime8Userguide.jpg;
/blog/images/shwl-8aqa69/$file/gxv3104.jpg /blog/images/2010/GXV3104.jpg;
/blog/images/shwl-8ard43/$file/dbproperties.png /blog/images/2010/dbProperties.png;
/blog/images/shwl-8ard43/$file/internetsiteconfig.png /blog/images/2010/InterNetSiteConfig.png;
/blog/images/shwl-8ard43/$file/internetsites.png /blog/images/2010/InternetSites.png;
/blog/images/shwl-8b25e2/$file/goodselectionui.png /blog/images/2010/GoodSelectionUI.png;
/blog/images/shwl-8bedke/$file/aeuniversalstudio.jpg /blog/images/2010/AEUniversalStudio.jpg;
/blog/images/shwl-8bg8sp/$file/firefox-button.png /blog/images/2010/Firefox-button.png;
/blog/images/shwl-8bg8sp/$file/notes-button.png /blog/images/2010/Notes-button.png;
/blog/images/shwl-8bv5pc/$file/opensourcesoftware.gif /blog/images/2010/OpenSourceSoftware.gif;
/blog/images/shwl-8bv5pc/$file/vendorsoftware.gif /blog/images/2010/VendorSoftware.gif;
/blog/images/shwl-8bwmu3/$file/ls2011.png /blog/images/2010/LS2011.png;
/blog/images/shwl-8bwnlp/$file/mlw.jpg /blog/images/2010/mlw.jpg;
/blog/images/shwl-8cmj24/$file/ctrobot.jpg /blog/images/2010/CTRobot.jpg;
/blog/images/shwl-8ct9us/$file/linux_lvm.gif /blog/images/2011/Linux_LVM.gif;
/blog/images/shwl-8ct9us/$file/linux_lvm1.png /blog/images/2011/Linux_LVM1.png;
/blog/images/shwl-8ct9us/$file/linux_lvm2.png /blog/images/2011/Linux_LVM2.png;
/blog/images/shwl-8ct9us/$file/linux_lvm3.png /blog/images/2011/Linux_LVM3.png;
/blog/images/shwl-8ct9us/$file/linux_lvm4.png /blog/images/2011/Linux_LVM4.png;
/blog/images/shwl-8d7dqy/$file/dockytimer.png /blog/images/2011/DockyTimer.png;
/blog/images/shwl-8et6m3/$file/tuneout_2.png /blog/images/2011/TuneOut_2.png;
/blog/images/shwl-8f4pwk/$file/afterthereview.jpg /blog/images/2011/AfterTheReview.jpg;
/blog/images/shwl-8f4q42/$file/binary127.gif /blog/images/2011/Binary127.gif;
/blog/images/shwl-8f4q42/$file/binary197.gif /blog/images/2011/Binary197.gif;
/blog/images/shwl-8f4q42/$file/ip21716022818-matched.gif /blog/images/2011/IP21716022818-matched.gif;
/blog/images/shwl-8f4q42/$file/ip21716022818-plain.gif /blog/images/2011/IP21716022818-plain.gif;
/blog/images/shwl-8f4q42/$file/ip220255100-netmask.gif /blog/images/2011/IP220255100-netmask.gif;
/blog/images/shwl-8f4q42/$file/ip24916022418-plain.gif /blog/images/2011/IP24916022418-plain.gif;
/blog/images/shwl-8f4q42/$file/ip24916022618-plain.gif /blog/images/2011/IP24916022618-plain.gif;
/blog/images/shwl-8f4q42/$file/netmaskmatching.gif /blog/images/2011/NetmaskMatching.gif;
/blog/images/shwl-8f5ljn/$file/monkeyseemonkeydo.jpg /blog/images/2011/MonkeySeeMonkeyDo.jpg;
/blog/images/shwl-8fcfnq/$file/netanalyzer.png /blog/images/2011/Netanalyzer.png;
/blog/images/shwl-8fckuh/$file/facebook_p5.png /blog/images/2011/Facebook_P5.png;
/blog/images/shwl-8fndz9/$file/routingpuzzle.gif /blog/images/2011/RoutingPuzzle.gif;
/blog/images/shwl-8gagde/$file/capabilitysensitive.png /blog/images/2011/capabilitysensitive.png;
/blog/images/shwl-8gagde/$file/pricesensitive.png /blog/images/2011/pricesensitive.png;
/blog/images/shwl-8gggej/$file/dominodevelopmentskills.jpg /blog/images/2011/DominoDevelopmentSkills.jpg;
/blog/images/shwl-8gkg6a/$file/propertytree.png /blog/images/2011/PropertyTree.png;
/blog/images/shwl-8gncte/$file/5thdiscipline.png /blog/images/2011/5thdiscipline.png;
/blog/images/shwl-8gncte/$file/5thdisciplinelarge.png /blog/images/2011/5thdisciplinelarge.png;
/blog/images/shwl-8gnnb3/$file/corporatehierarchy.gif /blog/images/2011/CorporateHierarchy.gif;
/blog/images/shwl-8gnnb3/$file/influencebubble.jpg /blog/images/2011/InfluenceBubble.jpg;
/blog/images/shwl-8gnnb3/$file/tagging.gif /blog/images/2011/Tagging.gif;
/blog/images/shwl-8h5lwe/$file/shiftingdevelopmentburden.jpg /blog/images/2011/ShiftingDevelopmentBurden.jpg;
/blog/images/shwl-8h5lwe/$file/shiftingsalesburden.jpg /blog/images/2011/ShiftingSalesBurden.jpg;
/blog/images/shwl-8h5nq5/$file/hamburger02.jpg /blog/images/2011/hamburger02.jpg;
/blog/images/shwl-8h5nq5/$file/meatpaddy.jpg /blog/images/2011/meatpaddy.jpg;
/blog/images/shwl-8hc8bu/$file/emailmigrationlegacy.jpg /blog/images/2011/eMailMigrationLegacy.jpg;
/blog/images/shwl-8hclma/$file/tenderprocess.jpg /blog/images/2011/TenderProcess.jpg;
/blog/images/shwl-8hhabm/$file/notesgodess.jpg /blog/images/2011/NotesGodess.jpg;
/blog/images/shwl-8hhabm/$file/notesgodesslarge.jpg /blog/images/2011/NotesGodessLarge.jpg;
/blog/images/shwl-8hhabm/$file/whatxpagesdeveloperareyou.jpg /blog/images/2011/WhatXPagesDeveloperAreYou.jpg;
/blog/images/shwl-8hkabe/$file/siauiissues.png /blog/images/2011/SIAuiIssues.png;
/blog/images/shwl-8hkabe/$file/wildmix.png /blog/images/2011/wildmix.png;
/blog/images/shwl-8hug33/$file/urgmentorsdisruption.jpg /blog/images/2011/UrgmentorsDisruption.jpg;
/blog/images/shwl-8jcju7/$file/grosssalesofgoods.png /blog/images/2011/GrossSalesOfGoods.png;
/blog/images/shwl-8jcju7/$file/takinghintsfromeachother.png /blog/images/2011/TakingHintsFromEachOther.png;
/blog/images/shwl-8jubyb/$file/customercare.jpg /blog/images/2011/CustomerCare.jpg;
/blog/images/shwl-8jx7gu/$file/selection_345.png /blog/images/2011/Selection_345.png;
/blog/images/shwl-8jx7gu/$file/xpagesspreadsheet.png /blog/images/2011/XPagesSpreadSheet.png;
/blog/images/shwl-8kqgk2/$file/managementpyramid-2.jpg /blog/images/2011/ManagementPyramid-2.jpg;
/blog/images/shwl-8kqgk2/$file/managementpyramid.jpg /blog/images/2011/ManagementPyramid.jpg;
/blog/images/shwl-8ksmls/$file/html5notsofast.jpg /blog/images/2011/HTML5notsofast.jpg;
/blog/images/shwl-8kxkfu/$file/hashtagfun01.png /blog/images/2011/HashTagFun01.png;
/blog/images/shwl-8kxkfu/$file/hashtagfun02.png /blog/images/2011/HashTagFun02.png;
/blog/images/shwl-8kxkfu/$file/hashtagfun03.png /blog/images/2011/HashTagFun03.png;
/blog/images/shwl-8kxkfu/$file/hashtagfun04.png /blog/images/2011/HashTagFun04.png;
/blog/images/shwl-8kxkfu/$file/hashtagfun05.png /blog/images/2011/HashTagFun05.png;
/blog/images/shwl-8kxkfu/$file/hashtagfun06.png /blog/images/2011/HashTagFun06.png;
/blog/images/shwl-8kxkfu/$file/hashtagfun07.png /blog/images/2011/HashTagFun07.png;
/blog/images/shwl-8kxkfu/$file/hashtagfun08.png /blog/images/2011/HashTagFun08.png;
/blog/images/shwl-8kxkfu/$file/hashtagfun09.png /blog/images/2011/HashTagFun09.png;
/blog/images/shwl-8kxkfu/$file/hashtagfun10.png /blog/images/2011/HashTagFun10.png;
/blog/images/shwl-8l56d4/$file/storagevscpu.png /blog/images/2011/StorageVsCpu.png;
/blog/images/shwl-8l7jd6/$file/customcontrols.png /blog/images/2011/CustomControls.png;
/blog/images/shwl-8l7jd6/$file/customcontrols640.jpg /blog/images/2011/CustomControls640.jpg;
/blog/images/shwl-8lhlvk/$file/loadtest1.jpg /blog/images/2011/LoadTest1.jpg;
/blog/images/shwl-8lhlvk/$file/loadtest2.jpg /blog/images/2011/LoadTest2.jpg;
/blog/images/shwl-8lhlvk/$file/loadtest3.jpg /blog/images/2011/LoadTest3.jpg;
/blog/images/shwl-8lnlew/$file/tux100.png /blog/images/2011/tux100.png;
/blog/images/shwl-8lp6kb/$file/datasources.jpg /blog/images/2011/datasources.jpg;
/blog/images/shwl-8m3kmf/$file/pushreplication.jpg /blog/images/2011/PushReplication.jpg;
/blog/images/shwl-8m68wc/$file/3pofperformance.jpeg /blog/images/2011/3POfPerformance.jpeg;
/blog/images/shwl-8mc7hk/$file/approvalrequest1.png /blog/images/2011/ApprovalRequest1.png;
/blog/images/shwl-8mc7hk/$file/approvalrequest2.png /blog/images/2011/ApprovalRequest2.png;
/blog/images/shwl-8mc7hk/$file/approvalrequest3.png /blog/images/2011/ApprovalRequest3.png;
/blog/images/shwl-8mgk82/$file/omnisophie.jpeg /blog/images/2011/Omnisophie.jpeg;
/blog/images/shwl-8mqjtr/$file/validatordocumentation.png /blog/images/2011/ValidatorDocumentation.png;
/blog/images/shwl-8mzdv8/$file/neverftpansf.gif /blog/images/2011/NeverFTPaNSF.gif;
/blog/images/shwl-8nffb5/$file/youngorganicfood1.jpg /blog/images/2011/YoungOrganicFood1.jpg;
/blog/images/shwl-8nffb5/$file/youngorganicfood2.jpg /blog/images/2011/YoungOrganicFood2.jpg;
/blog/images/shwl-8nffb5/$file/youngorganicfood3.jpg /blog/images/2011/YoungOrganicFood3.jpg;
/blog/images/shwl-8nffb5/$file/youngorganicfood4.jpg /blog/images/2011/YoungOrganicFood4.jpg;
/blog/images/shwl-8nv6de/$file/skitched-image0.png /blog/images/2011/Skitched-image0.png;
/blog/images/shwl-8p36et/$file/selectionformulareport.jpg /blog/images/2011/SelectionFormulaReport.jpg;
/blog/images/shwl-8pqlud/$file/emaillifecycle.jpg /blog/images/2011/eMailLifeCycle.jpg;
/blog/images/shwl-8pr3mk/$file/ls12speaker.png /blog/images/2011/LS12Speaker.png;
/blog/images/shwl-8rdmj8/$file/pattern_darwin.jpg /blog/images/2012/Pattern_Darwin.jpg;
/blog/images/shwl-8rdmj8/$file/pattern_newton.jpg /blog/images/2012/Pattern_Newton.jpg;
/blog/images/shwl-8scapv/$file/caseschema.png /blog/images/2012/caseschema.png;
/blog/images/shwl-8sdh72/$file/9essentialskills.jpg /blog/images/2012/9EssentialSkills.jpg;
/blog/images/shwl-8snbc4/$file/wirelesssgx.png /blog/images/2012/WirelessSGx.png;
/blog/images/shwl-8swh78/$file/storytelling.jpg /blog/images/2012/StoryTelling.jpg;
/blog/images/shwl-8t3k6q/$file/ibmsupportsequenceblue.png /blog/images/2012/IBMSupportSequenceBlue.png;
/blog/images/shwl-8t3k6q/$file/ibmsupportsequencenapkin.640.png /blog/images/2012/IBMSupportSequenceNapkin.640.png;
/blog/images/shwl-8t3k6q/$file/ibmsupportsequencenapkin.png /blog/images/2012/IBMSupportSequenceNapkin.png;
/blog/images/shwl-8t6l88/$file/wisdom.jpeg /blog/images/2012/Wisdom.jpeg;
/blog/images/shwl-8tmm8j/$file/extracttransformrender.jpg /blog/images/2012/ExtractTransformRender.jpg;
/blog/images/shwl-8tmm8j/$file/extracttransformrender2.jpg /blog/images/2012/ExtractTransformRender2.jpg;
/blog/images/shwl-8tnkca/$file/nevereditnotesini.gif /blog/images/2012/nevereditnotesini.gif;
/blog/images/shwl-8tsdfk/$file/layout-master-set.jpg /blog/images/2012/layout-master-set.jpg;
/blog/images/shwl-8tsdfk/$file/page-sequence.jpg /blog/images/2012/page-sequence.jpg;
/blog/images/shwl-8u6jpr/$file/kindlegift.png /blog/images/2012/KindleGift.png;
/blog/images/shwl-8u9lgh/$file/syncml01.png /blog/images/2012/SyncML01.png;
/blog/images/shwl-8u9lgh/$file/syncml02.png /blog/images/2012/SyncML02.png;
/blog/images/shwl-8u9lgh/$file/syncml03.png /blog/images/2012/SyncML03.png;
/blog/images/shwl-8u9lgh/$file/syncml04.png /blog/images/2012/SyncML04.png;
/blog/images/shwl-8u9lgh/$file/syncml05.png /blog/images/2012/SyncML05.png;
/blog/images/shwl-8u9lgh/$file/syncml06.png /blog/images/2012/SyncML06.png;
/blog/images/shwl-8u9lgh/$file/syncml07.png /blog/images/2012/SyncML07.png;
/blog/images/shwl-8u9lgh/$file/syncml08.png /blog/images/2012/SyncML08.png;
/blog/images/shwl-8u9lgh/$file/syncml09.png /blog/images/2012/SyncML09.png;
/blog/images/shwl-8u9lgh/$file/syncml10.png /blog/images/2012/SyncML10.png;
/blog/images/shwl-8u9lgh/$file/syncml11.png /blog/images/2012/SyncML11.png;
/blog/images/shwl-8ulcux/$file/socialbusinesstree.jpg /blog/images/2012/SocialBusinessTree.jpg;
/blog/images/shwl-8usmwg/$file/mce.jpg /blog/images/2012/MCE.jpg;
/blog/images/shwl-8ut6ct/$file/gwa.jpg /blog/images/2012/gwa.jpg;
/blog/images/shwl-8vaf9f/$file/calendardensity.jpg /blog/images/2012/CalendarDensity.jpg;
/blog/images/shwl-8x75vw/$file/exportnsf.png /blog/images/2012/exportnsf.png;
/blog/images/shwl-8xv4sr/$file/homescreen.png /blog/images/2012/HomeScreen.png;
/blog/images/shwl-8xv4sr/$file/installpermissions.png /blog/images/2012/installpermissions.png;
/blog/images/shwl-8xv4sr/$file/newhome.png /blog/images/2012/newhome.png;
/blog/images/shwl-8xv4sr/$file/packdialog.png /blog/images/2012/packdialog.png;
/blog/images/shwl-8xv4sr/$file/packsuccess.png /blog/images/2012/packsuccess.png;
/blog/images/shwl-8zddyp/$file/xpageschinese.png /blog/images/2012/XPagesChinese.png;
/blog/images/shwl-8zddyp/$file/xpagescnteam.png /blog/images/2012/XPagesCNTeam.png;
/blog/images/shwl-92pa2p/$file/apache-logo.png /blog/images/2012/apache-logo.png;
/blog/images/shwl-93h6ju/$file/bb1.jpg /blog/images/2012/bb1.jpg;
/blog/images/shwl-93h6ju/$file/bbs1.jpg /blog/images/2012/bbs1.jpg;
/blog/images/shwl-93h6ju/$file/bodhitree.jpg /blog/images/2012/bodhitree.jpg;
/blog/images/shwl-93h6ju/$file/buddha.jpg /blog/images/2012/buddha.jpg;
/blog/images/shwl-93h6ju/$file/siddhartha.jpg /blog/images/2012/Siddhartha.jpg;
/blog/images/shwl-93kfl9/$file/replicationconflict.jpg /blog/images/2013/replicationconflict.jpg;
/blog/images/shwl-93t7pz/$file/simpleworkflowui.png /blog/images/2013/SimpleWorkflowUI.png;
/blog/images/shwl-93yabx/$file/mobileapp1.jpg /blog/images/2013/MobileApp1.jpg;
/blog/images/shwl-93yabx/$file/mobileapp2.jpg /blog/images/2013/MobileApp2.jpg;
/blog/images/shwl-93yabx/$file/networklatency.jpg /blog/images/2013/NetworkLatency.jpg;
/blog/images/shwl-946l25/$file/notestimeline640.jpg /blog/images/2013/NotesTimeline640.jpg;
/blog/images/shwl-94gpkg/$file/whereknowledgegoestodie.jpeg /blog/images/2013/WhereKnowledgeGoesToDie.jpeg;
/blog/images/shwl-94kv39/$file/securemail.gif /blog/images/2013/SecureMail.gif;
/blog/images/shwl-94uhdc/$file/devops.jpg /blog/images/2013/DevOps.jpg;
/blog/images/shwl-95b95n/$file/searchimprovement.png /blog/images/2013/SearchImprovement.png;
/blog/images/shwl-95camf/$file/appathlonconnections.gif /blog/images/2013/AppathlonConnections.gif;
/blog/images/shwl-95camf/$file/appathlonxpages.gif /blog/images/2013/AppathlonXPages.gif;
/blog/images/shwl-95r2jm/$file/oneinfourlovesls.jpg /blog/images/2013/OneInfourlovesls.jpg;
/blog/images/shwl-965mjz/$file/crystalclear.jpg /blog/images/2013/CrystalClear.jpg;
/blog/images/shwl-96v6dj/$file/planningxpages.jpg /blog/images/2013/PlanningXPages.jpg;
/blog/images/shwl-96v6dj/$file/planningxpages640.jpg /blog/images/2013/PlanningXPages640.jpg;
/blog/images/shwl-96wbhd/$file/shareboxenhanced.png /blog/images/2013/ShareboxEnhanced.png;
/blog/images/shwl-96wbhd/$file/shareboxenhanced640.png /blog/images/2013/ShareboxEnhanced640.png;
/blog/images/shwl-96wbhd/$file/socialgtd.png /blog/images/2013/SocialGTD.png;
/blog/images/shwl-96wbhd/$file/socialgtd640.png /blog/images/2013/SocialGTD640.png;
/blog/images/shwl-96yew4/$file/mamil2013.jpg /blog/images/2013/mamil2013.jpg;
/blog/images/shwl-97cctx/$file/crm1920.jpg /blog/images/2013/CRM1920.jpg;
/blog/images/shwl-97cctx/$file/crm640.jpg /blog/images/2013/CRM640.jpg;
/blog/images/shwl-97jdt9/$file/greenwell_approvals.png /blog/images/2013/greenwell_approvals.png;
/blog/images/shwl-97jdt9/$file/greenwell_approvals_desktop.png /blog/images/2013/greenwell_approvals_desktop.png;
/blog/images/shwl-97jdt9/$file/greenwell_approvals_phone.png /blog/images/2013/greenwell_approvals_phone.png;
/blog/images/shwl-97jdt9/$file/xpages1.jpg /blog/images/2013/XPages1.jpg;
/blog/images/shwl-97jdt9/$file/xpages2.jpg /blog/images/2013/XPages2.jpg;
/blog/images/shwl-97jdt9/$file/xpages3.jpg /blog/images/2013/XPages3.jpg;
/blog/images/shwl-97pmvw/$file/e2wl640.jpg /blog/images/2013/e2wl640.jpg;
/blog/images/shwl-987p48/$file/shadowit.jpg /blog/images/2013/shadowIT.jpg;
/blog/images/shwl-99738a/$file/pcn100june2013.jpg /blog/images/2013/PCN100June2013.jpg;
/blog/images/shwl-99q9bp/$file/cookingtechniques.jpg /blog/images/2013/cookingtechniques.jpg;
/blog/images/shwl-99q9bp/$file/cookingtechniques640.jpg /blog/images/2013/cookingtechniques640.jpg;
/blog/images/shwl-99w8as/$file/protectxpages.jpg /blog/images/2013/ProtectXPages.jpg;
/blog/images/shwl-9db85j/$file/educationevolution.jpg /blog/images/2013/EducationEvolution.jpg;
/blog/images/shwl-9dbl5z/$file/the%205%20stages.jpg /blog/images/2013/the%205%20stages.jpg;
/blog/images/shwl-9dwh26/$file/3selfs.jpg /blog/images/2013/3Selfs.jpg;
/blog/images/shwl-9ec6za/$file/endorsedapprovals.jpg /blog/images/2013/EndorsedApprovals.jpg;
/blog/images/shwl-9ec6za/$file/oversimplyfiedworkflow.jpg /blog/images/2013/OversimplyfiedWorkflow.jpg;
/blog/images/shwl-9en6fc/$file/fieldbasics.jpg /blog/images/2013/FieldBasics.jpg;
/blog/images/shwl-9en6fc/$file/notebasics.jpg /blog/images/2013/NoteBasics.jpg;
/blog/images/shwl-9en6fc/$file/nsfbasics.jpg /blog/images/2013/NSFBasics.jpg;
/blog/images/shwl-9eq5g5/$file/documenthierarchy.jpg /blog/images/2013/DocumentHierarchy.jpg;
/blog/images/shwl-9eq5g5/$file/invoiceer1.jpg /blog/images/2013/InvoiceER1.jpg;
/blog/images/shwl-9eq5g5/$file/invoiceer2.jpg /blog/images/2013/InvoiceER2.jpg;
/blog/images/shwl-9f4e6n/$file/stw2013x3.jpg /blog/images/2014/stw2013x3.jpg;
/blog/images/shwl-9g836k/$file/lightning.jpg /blog/images/2014/Lightning.jpg;
/blog/images/shwl-9ga7av/$file/viewreduce.png /blog/images/2014/ViewReduce.png;
/blog/images/shwl-9gp5be/$file/selection_358.png /blog/images/2014/Selection_358.png;
/blog/images/shwl-9gsd2m/$file/metacollaboration.jpg /blog/images/2014/MetaCollaboration.jpg;
/blog/images/shwl-9gsd2m/$file/socialmeta.jpg /blog/images/2014/SocialMeta.jpg;
/blog/images/shwl-9hllef/$file/newplatform.jpg /blog/images/2014/NewPlatform.jpg;
/blog/images/shwl-9hm4lb/$file/runkeepercycling.jpg /blog/images/2014/RunkeeperCycling.jpg;
/blog/images/shwl-9hzlag/$file/lotus-la_mancha.jpg /blog/images/2014/Lotus-La_Mancha.jpg;
/blog/images/shwl-9j9ayh/$file/secretdoubledocument.png /blog/images/2014/SecretDoubleDocument.png;
/blog/images/shwl-9kl2qm/$file/dominofacets.jpg /blog/images/2014/DominoFacets.jpg;
/blog/images/shwl-9l5ktb/$file/taxirewards640.jpg /blog/images/2014/TaxiRewards640.jpg;
/blog/images/shwl-9l5ktb/$file/taxirewardsprogram.jpg /blog/images/2014/TaxiRewardsProgram.jpg;
/blog/images/shwl-9l7a38/$file/negiotiationcycle.jpg /blog/images/2014/NegiotiationCycle.jpg;
/blog/images/shwl-9lp8lr/$file/documentflow.jpg /blog/images/2014/DocumentFlow.jpg;
/blog/images/shwl-9lp8lr/$file/documentflowdomino.jpg /blog/images/2014/DocumentFlowDomino.jpg;
/blog/images/shwl-9lp8lr/$file/emailsender.jpg /blog/images/2014/eMailSender.jpg;
/blog/images/shwl-9lyp2v/$file/roadsign1.jpg /blog/images/2014/roadsign1.jpg;
/blog/images/shwl-9lyp2v/$file/roadsign2.jpg /blog/images/2014/roadsign2.jpg;
/blog/images/shwl-9lyp2v/$file/roadsign3.jpg /blog/images/2014/roadsign3.jpg;
/blog/images/shwl-9lyp2v/$file/roadsign4.jpg /blog/images/2014/roadsign4.jpg;
/blog/images/shwl-9my8r2/$file/longtermstorage.jpg /blog/images/2014/LongTermStorage.jpg;
/blog/images/shwl-9nlc37/$file/sametime1.png /blog/images/2014/Sametime1.png;
/blog/images/shwl-9nlc37/$file/sametime2.png /blog/images/2014/Sametime2.png;
/blog/images/shwl-9nlc37/$file/sametime3.png /blog/images/2014/Sametime3.png;
/blog/images/shwl-9nlc37/$file/sametime3a.png /blog/images/2014/Sametime3a.png;
/blog/images/shwl-9nlc37/$file/sametime4.png /blog/images/2014/Sametime4.png;
/blog/images/shwl-9nlc37/$file/sametime5.png /blog/images/2014/Sametime5.png;
/blog/images/shwl-9nldnl/$file/workflow1.jpg /blog/images/2014/workflow1.jpg;
/blog/images/shwl-9nldnl/$file/workflow2.jpg /blog/images/2014/workflow2.jpg;
/blog/images/shwl-9nldnl/$file/workflow3.jpg /blog/images/2014/workflow3.jpg;
/blog/images/shwl-9nldnl/$file/workflow4.jpg /blog/images/2014/workflow4.jpg;
/blog/images/shwl-9nldnl/$file/workflow5.jpg /blog/images/2014/workflow5.jpg;
/blog/images/shwl-9p9k7s/$file/activitiesr85alpha.jpg /blog/images/2014/ActivitiesR85Alpha.jpg;
/blog/images/shwl-9p9k7s/$file/activitiesr85alphalarge.jpg /blog/images/2014/ActivitiesR85AlphaLarge.jpg;
/blog/images/shwl-9p9k7s/$file/collaborationincontext.jpg /blog/images/2014/CollaborationInContext.jpg;
/blog/images/shwl-9p9k7s/$file/collaborationincontextlarge.jpg /blog/images/2014/CollaborationInContextLarge.jpg;
/blog/images/shwl-9p9k7s/$file/scatterflood.jpg /blog/images/2014/ScatterFlood.jpg;
/blog/images/shwl-9pf47g/$file/mailbox-ng.png /blog/images/2014/mailbox-ng.png;
/blog/images/shwl-9q56dq/$file/purpose.jpg /blog/images/2014/Purpose.jpg;
/blog/images/shwl-9q56dq/$file/purposelarge.jpg /blog/images/2014/Purposelarge.jpg;
/blog/images/shwl-9qkaw4/$file/enterprisearchitecture.jpg /blog/images/2014/EnterpriseArchitecture.jpg;
/blog/images/shwl-9qkaw4/$file/enterprisearchitecture2.jpg /blog/images/2014/EnterpriseArchitecture2.jpg;
/blog/images/shwl-9qkma3/$file/helmet1.jpg /blog/images/2014/helmet1.jpg;
/blog/images/shwl-9qkma3/$file/helmet2.jpg /blog/images/2014/helmet2.jpg;
/blog/images/shwl-9qkma3/$file/helmet3.jpg /blog/images/2014/helmet3.jpg;
/blog/images/shwl-9qkma3/$file/helmet4.jpg /blog/images/2014/helmet4.jpg;
/blog/images/shwl-9qkma3/$file/helmet5.jpg /blog/images/2014/helmet5.jpg;
/blog/images/shwl-9qkma3/$file/helmet6.jpg /blog/images/2014/helmet6.jpg;
/blog/images/shwl-9qkma3/$file/helmet7.jpg /blog/images/2014/helmet7.jpg;
/blog/images/shwl-9qkma3/$file/helmet8.jpg /blog/images/2014/helmet8.jpg;
/blog/images/shwl-9qkma3/$file/helmet9.jpg /blog/images/2014/helmet9.jpg;
/blog/images/shwl-9qshx3/$file/musepubliccloud.jpg /blog/images/2014/MusePublicCloud.jpg;
/blog/images/shwl-9qwn6p/$file/loadingplugins.gif /blog/images/2014/loadingPlugins.gif;
/blog/images/shwl-9qwn6p/$file/notesrdbmsschema.gif /blog/images/2014/NotesRDBMSschema.gif;
/blog/images/shwl-9qx3ra/$file/approvalflow.png /blog/images/2014/ApprovalFlow.png;
/blog/images/shwl-9qx3ra/$file/approvalflow.svg /blog/images/2014/ApprovalFlow.svg;
/blog/images/shwl-9r2cy2/$file/platoelearning.jpg /blog/images/2014/platoeLearning.jpg;
/blog/images/shwl-9r468f/$file/inotesin3d.png /blog/images/2014/iNotesIn3d.png;
/blog/images/shwl-9r468f/$file/inotesin3d2.png /blog/images/2014/iNotesIn3d2.png;
/blog/images/shwl-9r5fdy/$file/learnbox.jpg /blog/images/2014/Learnbox.jpg;
/blog/images/shwl-9r5fdy/$file/wordphrase.jpg /blog/images/2014/WordPhrase.jpg;
/blog/images/shwl-9rdaub/$file/applicationmigration.jpg /blog/images/2014/ApplicationMigration.jpg;
/blog/images/shwl-9rdaub/$file/xpagesenablement.jpg /blog/images/2014/XPagesEnablement.jpg;
/blog/images/shwl-9sags6/$file/chinese-i.gif /blog/images/2014/Chinese-I.gif;
/blog/images/shwl-9sags6/$file/ibmgrayarrow.gif /blog/images/2014/ibmgrayarrow.gif;
/blog/images/shwl-9saj68/$file/aclsettings.gif /blog/images/2014/ACLSettings.gif;
/blog/images/shwl-9saj68/$file/adslmodem.gif /blog/images/2014/ADSLModem.gif;
/blog/images/shwl-9saj68/$file/alldatabases.gif /blog/images/2014/allDatabases.gif;
/blog/images/shwl-9saj68/$file/alldocsnotes.gif /blog/images/2014/AllDocsNotes.gif;
/blog/images/shwl-9saj68/$file/approveform.gif /blog/images/2014/ApproveForm.gif;
/blog/images/shwl-9saj68/$file/approvercode.gif /blog/images/2014/ApproverCode.gif;
/blog/images/shwl-9saj68/$file/approverdisplay.gif /blog/images/2014/ApproverDisplay.gif;
/blog/images/shwl-9saj68/$file/baristasun.jpg /blog/images/2014/baristasun.jpg;
/blog/images/shwl-9saj68/$file/bday43.gif /blog/images/2014/bday43.gif;
/blog/images/shwl-9saj68/$file/bdaycake.jpg /blog/images/2014/bdaycake.jpg;
/blog/images/shwl-9saj68/$file/beddesign.gif /blog/images/2014/beddesign.gif;
/blog/images/shwl-9saj68/$file/bicta2004.jpg /blog/images/2014/Bicta2004.jpg;
/blog/images/shwl-9saj68/$file/bigdig.jpg /blog/images/2014/bigdig.jpg;
/blog/images/shwl-9saj68/$file/brokenarm.jpg /blog/images/2014/brokenarm.jpg;
/blog/images/shwl-9saj68/$file/browserstat.gif /blog/images/2014/browserstat.gif;
/blog/images/shwl-9saj68/$file/buddhabkk.jpg /blog/images/2014/buddhabkk.jpg;
/blog/images/shwl-9saj68/$file/cjump.jpg /blog/images/2014/cjump.jpg;
/blog/images/shwl-9saj68/$file/columnproperty.gif /blog/images/2014/ColumnProperty.gif;
/blog/images/shwl-9saj68/$file/compositeadvanced.gif /blog/images/2014/compositeAdvanced.gif;
/blog/images/shwl-9saj68/$file/compositeapp.gif /blog/images/2014/compositeapp.gif;
/blog/images/shwl-9saj68/$file/compositemodules.gif /blog/images/2014/compositemodules.gif;
/blog/images/shwl-9saj68/$file/compositeproperties.gif /blog/images/2014/compositeproperties.gif;
/blog/images/shwl-9saj68/$file/compositeproperties2.gif /blog/images/2014/compositeProperties2.gif;
/blog/images/shwl-9saj68/$file/createdb.gif /blog/images/2014/CreateDB.gif;
/blog/images/shwl-9saj68/$file/dbpageopen.gif /blog/images/2014/dbpageOpen.gif;
/blog/images/shwl-9saj68/$file/designerresources.gif /blog/images/2014/DesignerResources.gif;
/blog/images/shwl-9saj68/$file/drehhuette.jpg /blog/images/2014/drehhuette.jpg;
/blog/images/shwl-9saj68/$file/dxlerror.gif /blog/images/2014/DXLError.gif;
/blog/images/shwl-9saj68/$file/egovernment.gif /blog/images/2014/egovernment.gif;
/blog/images/shwl-9saj68/$file/elearningfish.jpg /blog/images/2014/eLearningFish.jpg;
/blog/images/shwl-9saj68/$file/election.gif /blog/images/2014/Election.gif;
/blog/images/shwl-9saj68/$file/emailadr1.gif /blog/images/2014/eMailAdr1.gif;
/blog/images/shwl-9saj68/$file/emailadr2.gif /blog/images/2014/eMailAdr2.gif;
/blog/images/shwl-9saj68/$file/emailadr3.gif /blog/images/2014/eMailAdr3.gif;
/blog/images/shwl-9saj68/$file/emailadr4.gif /blog/images/2014/eMailAdr4.gif;
/blog/images/shwl-9saj68/$file/embedview.gif /blog/images/2014/EmbedView.gif;
/blog/images/shwl-9saj68/$file/entryhelperbutton.gif /blog/images/2014/entryhelperbutton.gif;
/blog/images/shwl-9saj68/$file/ernestchess.jpg /blog/images/2014/ernestchess.jpg;
/blog/images/shwl-9saj68/$file/error2wire.gif /blog/images/2014/Error2Wire.gif;
/blog/images/shwl-9saj68/$file/escapedfromlab.gif /blog/images/2014/escapedfromLab.gif;
/blog/images/shwl-9saj68/$file/expeditor.jpg /blog/images/2014/Expeditor.jpg;
/blog/images/shwl-9saj68/$file/expeditorfullstack.jpg /blog/images/2014/ExpeditorFullStack.jpg;
/blog/images/shwl-9saj68/$file/firefoxtabs.gif /blog/images/2014/Firefoxtabs.gif;
/blog/images/shwl-9saj68/$file/formaction.gif /blog/images/2014/formaction.gif;
/blog/images/shwl-9saj68/$file/framecompositepage.gif /blog/images/2014/FrameCompositePage.gif;
/blog/images/shwl-9saj68/$file/generations.jpg /blog/images/2014/generations.jpg;
/blog/images/shwl-9saj68/$file/goodmother.gif /blog/images/2014/goodmother.gif;
/blog/images/shwl-9saj68/$file/gotbike.jpg /blog/images/2014/gotbike.jpg;
/blog/images/shwl-9saj68/$file/greatwall.jpg /blog/images/2014/greatwall.jpg;
/blog/images/shwl-9saj68/$file/greenblack.gif /blog/images/2014/greenblack.gif;
/blog/images/shwl-9saj68/$file/htmlview.gif /blog/images/2014/HTMLView.gif;
/blog/images/shwl-9saj68/$file/insertresources.gif /blog/images/2014/InsertResources.gif;
/blog/images/shwl-9saj68/$file/javaview.gif /blog/images/2014/JavaView.gif;
/blog/images/shwl-9saj68/$file/jmeter1.gif /blog/images/2014/jmeter1.gif;
/blog/images/shwl-9saj68/$file/jmeter2.gif /blog/images/2014/jmeter2.gif;
/blog/images/shwl-9saj68/$file/jmeter3.gif /blog/images/2014/jmeter3.gif;
/blog/images/shwl-9saj68/$file/jmeter4.gif /blog/images/2014/jmeter4.gif;
/blog/images/shwl-9saj68/$file/keywords.gif /blog/images/2014/keywords.gif;
/blog/images/shwl-9saj68/$file/knowingdoing.jpg /blog/images/2014/knowingdoing.jpg;
/blog/images/shwl-9saj68/$file/lancebluepages.jpg /blog/images/2014/LanceBluePages.jpg;
/blog/images/shwl-9saj68/$file/launchproperties.gif /blog/images/2014/launchproperties.gif;
/blog/images/shwl-9saj68/$file/lederhosen.jpg /blog/images/2014/lederhosen.jpg;
/blog/images/shwl-9saj68/$file/lotsofnas.jpg /blog/images/2014/lotsofnas.jpg;
/blog/images/shwl-9saj68/$file/lotuslogos.jpg /blog/images/2014/lotuslogos.jpg;
/blog/images/shwl-9saj68/$file/moving.jpg /blog/images/2014/moving.jpg;
/blog/images/shwl-9saj68/$file/msstack.jpg /blog/images/2014/msStack.jpg;
/blog/images/shwl-9saj68/$file/mybooth.jpg /blog/images/2014/mybooth.jpg;
/blog/images/shwl-9saj68/$file/nobush.gif /blog/images/2014/noBush.gif;
/blog/images/shwl-9saj68/$file/notes8bkk.jpg /blog/images/2014/notes8bkk.jpg;
/blog/images/shwl-9saj68/$file/notes8expeditor.jpg /blog/images/2014/Notes8Expeditor.jpg;
/blog/images/shwl-9saj68/$file/notv.jpg /blog/images/2014/notv.jpg;
/blog/images/shwl-9saj68/$file/openntfladies.jpg /blog/images/2014/openntfladies.jpg;
/blog/images/shwl-9saj68/$file/paypalphishing.gif /blog/images/2014/paypalphishing.gif;
/blog/images/shwl-9saj68/$file/powerlearning.gif /blog/images/2014/Powerlearning.gif;
/blog/images/shwl-9saj68/$file/pressfeedom.gif /blog/images/2014/pressfeedom.gif;
/blog/images/shwl-9saj68/$file/profiteffort.gif /blog/images/2014/ProfitEffort.gif;
/blog/images/shwl-9saj68/$file/quickr85.gif /blog/images/2014/Quickr85.gif;
/blog/images/shwl-9saj68/$file/redscreendeath.gif /blog/images/2014/redscreendeath.gif;
/blog/images/shwl-9saj68/$file/requestview.gif /blog/images/2014/RequestView.gif;
/blog/images/shwl-9saj68/$file/requestweb.gif /blog/images/2014/RequestWeb.gif;
/blog/images/shwl-9saj68/$file/ringroad806.jpg /blog/images/2014/ringRoad806.jpg;
/blog/images/shwl-9saj68/$file/riskeffortprofit.gif /blog/images/2014/RiskEffortProfit.gif;
/blog/images/shwl-9saj68/$file/riskspecs.gif /blog/images/2014/RiskSpecs.gif;
/blog/images/shwl-9saj68/$file/salesgap.gif /blog/images/2014/salesgap.gif;
/blog/images/shwl-9saj68/$file/scratch.jpg /blog/images/2014/scratch.jpg;
/blog/images/shwl-9saj68/$file/selectkeywords.gif /blog/images/2014/selectKeywords.gif;
/blog/images/shwl-9saj68/$file/simpleform1.gif /blog/images/2014/simpleform1.gif;
/blog/images/shwl-9saj68/$file/simpleform2.gif /blog/images/2014/simpleform2.gif;
/blog/images/shwl-9saj68/$file/simpleform3.gif /blog/images/2014/simpleform3.gif;
/blog/images/shwl-9saj68/$file/simpleform4.gif /blog/images/2014/simpleform4.gif;
/blog/images/shwl-9saj68/$file/simpleform5.gif /blog/images/2014/simpleform5.gif;
/blog/images/shwl-9saj68/$file/skypesametime.gif /blog/images/2014/SkypeSametime.gif;
/blog/images/shwl-9saj68/$file/softwarepricing.gif /blog/images/2014/SoftwarePricing.gif;
/blog/images/shwl-9saj68/$file/speedcheat.gif /blog/images/2014/speedcheat.gif;
/blog/images/shwl-9saj68/$file/speedresult.gif /blog/images/2014/speedresult.gif;
/blog/images/shwl-9saj68/$file/stylecopy.gif /blog/images/2014/StyleCopy.gif;
/blog/images/shwl-9saj68/$file/summerpalace.jpg /blog/images/2014/summerpalace.jpg;
/blog/images/shwl-9saj68/$file/sunredgloves.gif /blog/images/2014/sunredgloves.gif;
/blog/images/shwl-9saj68/$file/systemtemplates.jpg /blog/images/2014/SystemTemplates.jpg;
/blog/images/shwl-9saj68/$file/unexpectedband.jpg /blog/images/2014/unexpectedband.jpg;
/blog/images/shwl-9saj68/$file/upgrade2wire.gif /blog/images/2014/Upgrade2Wire.gif;
/blog/images/shwl-9saj68/$file/usernameformula.gif /blog/images/2014/UserNameFormula.gif;
/blog/images/shwl-9saj68/$file/vistadream.gif /blog/images/2014/VistaDream.gif;
/blog/images/shwl-9saj68/$file/visustin.gif /blog/images/2014/visustin.gif;
/blog/images/shwl-9saj68/$file/webresult.gif /blog/images/2014/WebResult.gif;
/blog/images/shwl-9saj68/$file/weekcalendar.gif /blog/images/2014/weekcalendar.gif;
/blog/images/shwl-9saj68/$file/xmlpipeline.jpg /blog/images/2014/XMLPipeline.jpg;
/blog/images/shwl-9saj68/$file/yahoodesign.gif /blog/images/2014/yahoodesign.gif;
/blog/images/shwl-9saj68/$file/yellowgloves.gif /blog/images/2014/yellowgloves.gif;
/blog/images/shwl-9smjd6/$file/doubleo.jpg /blog/images/2015/DoubleO.jpg;
/blog/images/shwl-9u8lyk/$file/bluemixlocal.jpg /blog/images/2015/BlueMixLocal.jpg;
/blog/images/shwl-9wp2db/$file/apimanagement.jpg /blog/images/2015/APIManagement.jpg;
/blog/images/shwl-9ycbzz/$file/cleanerflow1.png /blog/images/2015/CleanerFlow1.png;
/blog/images/shwl-9ycbzz/$file/cleanerflow2.png /blog/images/2015/CleanerFlow2.png;
/blog/images/shwl-9znjgt/$file/identitymanagement-small.jpg /blog/images/2015/IdentityManagement-small.jpg;
/blog/images/shwl-9znjgt/$file/identitymanagement.jpg /blog/images/2015/IdentityManagement.jpg;
/blog/images/shwl-9znjgt/$file/signoncloud-small.jpg /blog/images/2015/SignonCloud-small.jpg;
/blog/images/shwl-9znjgt/$file/signoncloud.jpg /blog/images/2015/SignonCloud.jpg;
/blog/images/shwl-9znlpx/$file/websocketout.png /blog/images/2015/websocketout.png;
/blog/images/shwl-a3qlpb/$file/frontendbackenddevelopment.jpg /blog/images/2015/FrontEndBackEndDevelopment.jpg;
/blog/images/shwl-a3wn9t/$file/multiinstance.jpg /blog/images/2015/Multiinstance.jpg;
/blog/images/shwl-a3wn9t/$file/multitenant.jpg /blog/images/2015/Multitenant.jpg;
/blog/images/shwl-a4m599/$file/emptytestoptions.png /blog/images/2015/EmptyTestOptions.png;
/blog/images/shwl-a4m599/$file/fullsuccessfullpipe.png /blog/images/2015/FullSuccessFullPipe.png;
/blog/images/shwl-a4m599/$file/testoptions.png /blog/images/2015/TestOptions.png;
/blog/images/shwl-a4m599/$file/testreports.png /blog/images/2015/TestReports.png;
/blog/images/shwl-a5ha8z/$file/emailarchive.jpg /blog/images/2015/eMailarchive.jpg;
/blog/images/shwl-a5zbdw/$file/leaderleader.png /blog/images/2016/LeaderLeader.png;
/blog/images/shwl-a5zbdw/$file/leaderleaderlarge.png /blog/images/2016/LeaderLeaderLarge.png;
/blog/images/shwl-a73nfk/$file/verseradar.png /blog/images/2016/VerseRadar.png;
/blog/images/shwl-a73nfk/$file/verseuilarge.png /blog/images/2016/VerseUILarge.png;
/blog/images/shwl-a73nfk/$file/vopradar.png /blog/images/2016/VopRadar.png;
/blog/images/shwl-ah22z2/$file/orangebox.png /blog/images/2016/OrangeBox.png;
/blog/images/shwl-ahhbns/$file/dominoapiserver.jpg /blog/images/2017/DominoAPIServer.jpg;
/blog/images/shwl-ahhbns/$file/dominoapiserver2.jpg /blog/images/2017/DominoAPIServer2.jpg;
/blog/images/shwl-alfcae/$file/blogdataclasses.png /blog/images/2017/BlogDataClasses.png;
/blog/images/shwl-an53qt/$file/meetingacxo.jpg /blog/images/2017/MeetingaCxO.jpg;
/blog/images/shwl-apbgy8/$file/communitylicenses.jpg /blog/images/2017/CommunityLicenses.jpg;
/blog/images/shwl-apbgy8/$file/communitylicenses640.jpg /blog/images/2017/CommunityLicenses640.jpg;
/blog/images/shwl-apbgy8/$file/customercreatedcases.png /blog/images/2017/CustomerCreatedCases.png;
/blog/images/shwl-apbgy8/$file/customercreatedcases640.jpg /blog/images/2017/CustomerCreatedCases640.jpg;
/blog/images/shwl-apbgy8/$file/salesforcesharingterminology.jpg /blog/images/2017/SalesforceSharingTerminology.jpg;
/blog/images/shwl-apbgy8/$file/salesforcesharingterminology640.jpg /blog/images/2017/SalesforceSharingTerminology640.jpg;
/blog/images/shwl-apbgy8/$file/sffastatic.png /blog/images/2017/SFFAStatic.png;
/blog/images/tano-7pglyl/$file/braun_logo.gif /blog/images/2009/Braun_Logo.gif;
